[    1083ms] [LOG] %cWARNING! color: red; background: yellow; font-size: 24px; @ https://app.vwo.com/js/init-COJ34PkY.js:0
[    1083ms] [LOG] %cThis section is intended for developers only. Do not enter or paste code that you do not understand. If someone told you to copy and paste something, kindly report this to security@wingify.com. font-size: 18px; @ https://app.vwo.com/js/init-COJ34PkY.js:0
[    1334ms] [ERROR] Failed to load resource: the server responded with a status of 401 () @ https://app.vwo.com/login:0
[    1717ms] [VERBOSE] [DOM] Input elements should have autocomplete attributes (suggested: "current-password"): (More info: https://goo.gl/9p2vKq) %o @ https://app.vwo.com/#/login:0
[    1717ms] [VERBOSE] [DOM] Input elements should have autocomplete attributes (suggested: "new-password"): (More info: https://goo.gl/9p2vKq) %o @ https://app.vwo.com/#/login:0
[    1717ms] [VERBOSE] [DOM] Input elements should have autocomplete attributes (suggested: "new-password"): (More info: https://goo.gl/9p2vKq) %o @ https://app.vwo.com/#/login:0
[    3529ms] [ERROR] Failed to load resource: the server responded with a status of 401 () @ https://app.vwo.com/plan/prices:0
[    4415ms] [WARNING] <meta name="apple-mobile-web-app-capable" content="yes"> is deprecated. Please include <meta name="mobile-web-app-capable" content="yes"> @ https://app.vwo.com/#/login:0
[    4865ms] [WARNING] The powerPreference option is currently ignored when calling requestAdapter() on Windows. See https://crbug.com/369219127 @ :0
[  311255ms] [ERROR] Failed to load resource: net::ERR_NETWORK_CHANGED @ https://app.vwo.com/assets/vwoAppInfo.json?v=1787391699659:0
[  311260ms] [ERROR] Failed to load resource: net::ERR_NETWORK_CHANGED @ https://app.vwo.com/assets/vwoAppInfo.json?v=1787391729651:0
[  311295ms] [ERROR] Failed to load resource: net::ERR_NAME_NOT_RESOLVED @ https://app.vwo.com/assets/vwoAppInfo.json?v=1787391759651:0
[  313273ms] [ERROR] Failed to load resource: net::ERR_INTERNET_DISCONNECTED @ https://app.vwo.com/assets/vwoAppInfo.json?v=1787391769960:0
[  314270ms] [ERROR] Failed to load resource: net::ERR_INTERNET_DISCONNECTED @ https://app.vwo.com/assets/vwoAppInfo.json?v=1787391770960:0
[  315267ms] [ERROR] Failed to load resource: net::ERR_INTERNET_DISCONNECTED @ https://app.vwo.com/assets/vwoAppInfo.json?v=1787391771953:0
[ 2715005ms] [ERROR] Failed to load resource: net::ERR_INTERNET_DISCONNECTED @ https://app.vwo.com/assets/vwoAppInfo.json?v=1787394171691:0
[ 2716005ms] [ERROR] Failed to load resource: net::ERR_INTERNET_DISCONNECTED @ https://app.vwo.com/assets/vwoAppInfo.json?v=1787394172694:0
[ 4022005ms] [ERROR] Failed to load resource: net::ERR_INTERNET_DISCONNECTED @ https://app.vwo.com/assets/vwoAppInfo.json?v=1787395478692:0
[ 4023005ms] [ERROR] Failed to load resource: net::ERR_INTERNET_DISCONNECTED @ https://app.vwo.com/assets/vwoAppInfo.json?v=1787395479692:0
[ 4024005ms] [ERROR] Failed to load resource: net::ERR_INTERNET_DISCONNECTED @ https://app.vwo.com/assets/vwoAppInfo.json?v=1787395480693:0
[ 4201525ms] [ERROR] Failed to load resource: net::ERR_INTERNET_DISCONNECTED @ https://app.vwo.com/assets/vwoAppInfo.json?v=1787395658212:0
[ 4202526ms] [ERROR] Failed to load resource: net::ERR_INTERNET_DISCONNECTED @ https://app.vwo.com/assets/vwoAppInfo.json?v=1787395659215:0
[ 4203526ms] [ERROR] Failed to load resource: net::ERR_INTERNET_DISCONNECTED @ https://app.vwo.com/assets/vwoAppInfo.json?v=1787395660214:0
[ 4204531ms] [ERROR] Failed to load resource: net::ERR_INTERNET_DISCONNECTED @ https://app.vwo.com/assets/vwoAppInfo.json?v=1787395661218:0
[ 4205532ms] [ERROR] Failed to load resource: net::ERR_INTERNET_DISCONNECTED @ https://app.vwo.com/assets/vwoAppInfo.json?v=1787395662219:0
[ 4206550ms] [ERROR] Failed to load resource: net::ERR_INTERNET_DISCONNECTED @ https://app.vwo.com/assets/vwoAppInfo.json?v=1787395663222:0
[ 4207539ms] [ERROR] Failed to load resource: net::ERR_INTERNET_DISCONNECTED @ https://app.vwo.com/assets/vwoAppInfo.json?v=1787395664218:0
[ 4208538ms] [ERROR] Failed to load resource: net::ERR_INTERNET_DISCONNECTED @ https://app.vwo.com/assets/vwoAppInfo.json?v=1787395665211:0
[ 4209532ms] [ERROR] Failed to load resource: net::ERR_INTERNET_DISCONNECTED @ https://app.vwo.com/assets/vwoAppInfo.json?v=1787395666213:0
[ 4678327ms] [ERROR] Failed to load resource: net::ERR_INTERNET_DISCONNECTED @ https://app.vwo.com/assets/vwoAppInfo.json?v=1787396135008:0
[ 4679318ms] [ERROR] Failed to load resource: net::ERR_INTERNET_DISCONNECTED @ https://app.vwo.com/assets/vwoAppInfo.json?v=1787396136006:0
[ 4680322ms] [ERROR] Failed to load resource: net::ERR_INTERNET_DISCONNECTED @ https://app.vwo.com/assets/vwoAppInfo.json?v=1787396137008:0
[ 4733863ms] [ERROR] Failed to load resource: net::ERR_CONNECTION_CLOSED @ https://app.vwo.com/assets/vwoAppInfo.json?v=1787396190552:0
