Started by user jenkins-bot
Running on agent-linux-01 in workspace /var/jenkins/workspace/QAAutomation-Pipeline
=============================================================
[INFO] Scanning for projects...
[INFO] Building QA Automation Suite 2.1.0-SNAPSHOT
[INFO] --------------------------------------------
[INFO] Compiling 47 source files to /target/test-classes
[INFO] Compilation successful
=============================================================
Executing TestNG suite: regression-suite.xml
Browser: chrome (headless)
Environment: staging
Base URL: https://staging.example.com
=============================================================
[PASS] LoginTest.testValidLogin (1.2s)
[PASS] LoginTest.testInvalidLogin (0.8s)
[PASS] LoginTest.testEmptyUsername (0.6s)
[FAIL] LoginTest.testSessionTimeout (32.1s)
       java.lang.AssertionError: Expected redirect to /login but URL was /dashboard
       at LoginTest.testSessionTimeout(LoginTest.java:112)
       at sun.reflect.NativeMethodAccessorImpl.invoke0(Native Method)
       Caused by: Session was not invalidated after 30 minutes of inactivity
[PASS] CartTest.testAddToCart (1.5s)
[PASS] CartTest.testUpdateQuantity (1.8s)
[PASS] CartTest.testRemoveFromCart (1.3s)
[FAIL] CheckoutTest.testPaymentFlow (30.0s)
       java.lang.TimeoutException: Timed out after 30000ms waiting for element to be visible
       Expected condition: visibilityOfElementLocated By.id: order-confirmation-banner
       at org.openqa.selenium.support.ui.WebDriverWait.timeoutException(WebDriverWait.java:95)
       at CheckoutTest.testPaymentFlow(CheckoutTest.java:88)
       Possible cause: Payment gateway latency in staging environment exceeds 30s threshold
[PASS] SearchTest.testSearchExistingProduct (2.1s)
[PASS] SearchTest.testSearchNoResults (0.9s)
[PASS] ProductTest.testProductPageLoads (1.7s)
[FAIL] SecurityTest.testXSSInReview (3.4s)
       java.lang.AssertionError: Expected text to be escaped but script executed
       Actual: <script>alert('xss')</script> was rendered and executed
       at SecurityTest.testXSSInReview(SecurityTest.java:67)
       CRITICAL DEFECT: XSS vulnerability confirmed in product review input
=============================================================
Tests run: 13, Failures: 3, Errors: 0, Skipped: 0

FAILED TESTS SUMMARY:
  1. LoginTest.testSessionTimeout - Session timeout not enforced (JIRA: QA-789)
  2. CheckoutTest.testPaymentFlow - Payment gateway timeout in staging (JIRA: QA-790)
  3. SecurityTest.testXSSInReview - XSS vulnerability in review input (JIRA: QA-791, CRITICAL)

BUILD FAILURE
Total time: 4 minutes 32 seconds
Finished: FAILURE
